// Jest Snapshot v1, https://goo.gl/fbAQLP

exports[`Component: NotFoundScreen should render correctly 1`] = `
<div>
  <div
    class="wrapper"
    data-testid="wrapper"
  >
    <main
      class="page-content"
    >
      <div
        class="container"
      >
        <p>
          Oooops!
        </p>
        <h2>
          404. Page not found.
        </h2>
        <h3>
          <a
            href="/"
            style="text-decoration: underline;"
          >
            Вернуться на главную
          </a>
          ?
        </h3>
      </div>
    </main>
  </div>
</div>
`;
